[  0%] Built target CLI11
[ 69%] Built target libcurl_object
[ 69%] Building RC object _deps/curl-build/lib/CMakeFiles/libcurl_shared.dir/libcurl.rc.obj
Active code page: 65001
[ 69%] Linking C shared library libcurl.dll
Active code page: 65001
[ 69%] Built target libcurl_shared
[ 71%] Linking CXX shared library libcpr.dll
Active code page: 65001
[ 81%] Built target cpr
[ 81%] Building CXX object CMakeFiles/translate.dir/src/config_manager.cpp.obj
[ 83%] Building CXX object CMakeFiles/translate.dir/src/file_utils.cpp.obj
[ 83%] Building CXX object CMakeFiles/translate.dir/src/main.cpp.obj
[ 83%] Building CXX object CMakeFiles/translate.dir/src/ollama_client.cpp.obj
E:\project\learningC\translate\src\ollama_client.cpp: In member function 'virtual bool OllamaClient::Translate(const std::string&, const std::string&, StreamCallback)':
E:\project\learningC\translate\src\ollama_client.cpp:83:5: error: 'line_pending_' was not declared in this scope
   83 |     line_pending_.clear();
      |     ^~~~~~~~~~~~~
E:\project\learningC\translate\src\ollama_client.cpp: In lambda function:
E:\project\learningC\translate\src\ollama_client.cpp:90:13: error: 'line_pending_' is not captured
   90 |             line_pending_ += data;
      |             ^~~~~~~~~~~~~
E:\project\learningC\translate\src\ollama_client.cpp:89:26: note: the lambda has no capture-default
   89 |         [this, &on_stream](const std::string& data, intptr_t /*userdata*/) -> bool {
      |                          ^
E:\project\learningC\translate\src\ollama_client.cpp:83:5: note: '<typeprefixerror>line_pending_' declared here
   83 |     line_pending_.clear();
      |     ^~~~~~~~~~~~~
E:\project\learningC\translate\src\ollama_client.cpp:93:27: error: 'line_pending_' is not captured
   93 |             while ((pos = line_pending_.find('\n')) != std::string::npos) {
      |                           ^~~~~~~~~~~~~
E:\project\learningC\translate\src\ollama_client.cpp:89:26: note: the lambda has no capture-default
   89 |         [this, &on_stream](const std::string& data, intptr_t /*userdata*/) -> bool {
      |                          ^
E:\project\learningC\translate\src\ollama_client.cpp:83:5: note: '<typeprefixerror>line_pending_' declared here
   83 |     line_pending_.clear();
      |     ^~~~~~~~~~~~~
E:\project\learningC\translate\src\ollama_client.cpp:94:36: error: 'line_pending_' is not captured
   94 |                 std::string line = line_pending_.substr(0, pos);
      |                                    ^~~~~~~~~~~~~
E:\project\learningC\translate\src\ollama_client.cpp:89:26: note: the lambda has no capture-default
   89 |         [this, &on_stream](const std::string& data, intptr_t /*userdata*/) -> bool {
      |                          ^
E:\project\learningC\translate\src\ollama_client.cpp:83:5: note: '<typeprefixerror>line_pending_' declared here
   83 |     line_pending_.clear();
      |     ^~~~~~~~~~~~~
E:\project\learningC\translate\src\ollama_client.cpp:95:17: error: 'line_pending_' is not captured
   95 |                 line_pending_.erase(0, pos + 1);
      |                 ^~~~~~~~~~~~~
E:\project\learningC\translate\src\ollama_client.cpp:89:26: note: the lambda has no capture-default
   89 |         [this, &on_stream](const std::string& data, intptr_t /*userdata*/) -> bool {
      |                          ^
E:\project\learningC\translate\src\ollama_client.cpp:83:5: note: '<typeprefixerror>line_pending_' declared here
   83 |     line_pending_.clear();
      |     ^~~~~~~~~~~~~
mingw32-make[2]: *** [CMakeFiles\translate.dir\build.make:124: CMakeFiles/translate.dir/src/ollama_client.cpp.obj] Error 1
mingw32-make[1]: *** [CMakeFiles\Makefile2:310: CMakeFiles/translate.dir/all] Error 2
mingw32-make: *** [Makefile:135: all] Error 2
